#
# There is insufficient memory for the Java Runtime Environment to continue.
# Native memory allocation (malloc) failed to allocate 1048576 bytes. Error detail: AllocateHeap
# Possible reasons:
#   The system is out of physical RAM or swap space
#   This process is running with CompressedOops enabled, and the Java Heap may be blocking the growth of the native heap
# Possible solutions:
#   Reduce memory load on the system
#   Increase physical memory or swap space
#   Check if swap backing store is full
#   Decrease Java heap size (-Xmx/-Xms)
#   Decrease number of Java threads
#   Decrease Java thread stack sizes (-Xss)
#   Set larger code cache with -XX:ReservedCodeCacheSize=
#   JVM is running with Unscaled Compressed Oops mode in which the Java heap is
#     placed in the first 4GB address space. The Java Heap base address is the
#     maximum limit for the native heap growth. Please use -XX:HeapBaseMinAddress
#     to set the Java Heap base and to place the Java Heap above 4GB virtual address.
# This output file may be truncated or incomplete.
#
#  Out of Memory Error (allocation.cpp:44), pid=7612, tid=6272
#
# JRE version: OpenJDK Runtime Environment Temurin-21.0.10+7 (21.0.10+7) (build 21.0.10+7-LTS)
# Java VM: OpenJDK 64-Bit Server VM Temurin-21.0.10+7 (21.0.10+7-LTS, mixed mode, sharing, tiered, compressed oops, compressed class ptrs, parallel gc, windows-amd64)
# No core dump will be written. Minidumps are not enabled by default on client versions of Windows
#

---------------  S U M M A R Y ------------

Command Line: --add-modules=ALL-SYSTEM --add-opens=java.base/java.util=ALL-UNNAMED --add-opens=java.base/java.lang=ALL-UNNAMED --add-opens=java.base/sun.nio.fs=ALL-UNNAMED -Declipse.application=org.eclipse.jdt.ls.core.id1 -Dosgi.bundles.defaultStartLevel=4 -Declipse.product=org.eclipse.jdt.ls.core.product -Djava.import.generatesMetadataFilesAtProjectRoot=false -DDetectVMInstallationsJob.disabled=true -Dfile.encoding=utf8 -XX:+UseParallelGC -XX:GCTimeRatio=4 -XX:AdaptiveSizePolicyWeight=90 -Dsun.zip.disableMemoryMapping=true -Xmx2G -Xms100m -Xlog:disable -javaagent:c:\Users\User\.vscode\extensions\redhat.java-1.54.0-win32-x64\lombok\lombok-1.18.39-4050.jar -XX:+HeapDumpOnOutOfMemoryError -XX:HeapDumpPath=c:\Users\User\AppData\Roaming\Code\User\workspaceStorage\ffaa4678b23854e8b339fc0252ef1253\redhat.java -Daether.dependencyCollector.impl=bf c:\Users\User\.vscode\extensions\redhat.java-1.54.0-win32-x64\server\plugins\org.eclipse.equinox.launcher_1.7.100.v20251111-0406.jar -configuration c:\Users\User\AppData\Roaming\Code\User\globalStorage\redhat.java\1.54.0\config_win -data c:\Users\User\AppData\Roaming\Code\User\workspaceStorage\ffaa4678b23854e8b339fc0252ef1253\redhat.java\jdt_ws --pipe=\\.\pipe\lsp-444d9cd99bc24013435abd7108ad1c9b-sock

Host: Intel(R) Core(TM) i5-10300H CPU @ 2.50GHz, 8 cores, 7G,  Windows 11 , 64 bit Build 26100 (10.0.26100.8328)
Time: Wed May 27 14:54:13 2026 SE Asia Standard Time elapsed time: 6827.769910 seconds (0d 1h 53m 47s)

---------------  T H R E A D  ---------------

Current thread (0x000001f760328440):  JavaThread "Attach Listener" daemon [_thread_in_vm, id=6272, stack(0x000000f638f00000,0x000000f639000000) (1024K)]

Stack: [0x000000f638f00000,0x000000f639000000]
Native frames: (J=compiled Java code, j=interpreted, Vv=VM code, C=native code)
V  [jvm.dll+0x6d7a39]
V  [jvm.dll+0x8b4b26]
V  [jvm.dll+0x8b70de]
V  [jvm.dll+0x8b77c3]
V  [jvm.dll+0x284346]
V  [jvm.dll+0xc1277]
V  [jvm.dll+0x6d82e9]
V  [jvm.dll+0x1334a6]
V  [jvm.dll+0x3f857e]
V  [jvm.dll+0x85f59d]
V  [jvm.dll+0x6d626d]
C  [ucrtbase.dll+0x37b0]
C  [KERNEL32.DLL+0x2e957]
C  [ntdll.dll+0x427c]


---------------  P R O C E S S  ---------------

Threads class SMR info:
_java_thread_list=0x000001f76b431cf0, length=47, elements={
0x000001f7498ad490, 0x000001f76031f380, 0x000001f760321960, 0x000001f7603254d0,
0x000001f760328440, 0x000001f76032a400, 0x000001f76032ae60, 0x000001f76032dde0,
0x000001f760343ec0, 0x000001f761e15c30, 0x000001f761edadc0, 0x000001f76679c4b0,
0x000001f7667f5a70, 0x000001f761f33ae0, 0x000001f761ce5970, 0x000001f766e4aac0,
0x000001f7663a20a0, 0x000001f7662755b0, 0x000001f766ee4630, 0x000001f766ee4cc0,
0x000001f766ee3910, 0x000001f76851a8c0, 0x000001f76851af50, 0x000001f76851b5e0,
0x000001f76851c300, 0x000001f76851a230, 0x000001f768519510, 0x000001f76851c990,
0x000001f768519ba0, 0x000001f76851d020, 0x000001f76851d6b0, 0x000001f76851dd40,
0x000001f767fa1be0, 0x000001f767fa2900, 0x000001f767fa49d0, 0x000001f767fa56f0,
0x000001f767fa1550, 0x000001f7745611a0, 0x000001f774562be0, 0x000001f767fa5d80,
0x000001f767fa6410, 0x000001f767fa2f90, 0x000001f767fa3620, 0x000001f77455f0d0,
0x000001f77455d690, 0x000001f761caaf70, 0x000001f761caf7a0
}

Java Threads: ( => current thread )
  0x000001f7498ad490 JavaThread "main"                              [_thread_blocked, id=8972, stack(0x000000f638800000,0x000000f638900000) (1024K)]
  0x000001f76031f380 JavaThread "Reference Handler"          daemon [_thread_blocked, id=5556, stack(0x000000f638c00000,0x000000f638d00000) (1024K)]
  0x000001f760321960 JavaThread "Finalizer"                  daemon [_thread_blocked, id=8672, stack(0x000000f638d00000,0x000000f638e00000) (1024K)]
  0x000001f7603254d0 JavaThread "Signal Dispatcher"          daemon [_thread_blocked, id=4800, stack(0x000000f638e00000,0x000000f638f00000) (1024K)]
=>0x000001f760328440 JavaThread "Attach Listener"            daemon [_thread_in_vm, id=6272, stack(0x000000f638f00000,0x000000f639000000) (1024K)]
  0x000001f76032a400 JavaThread "Service Thread"             daemon [_thread_blocked, id=5652, stack(0x000000f639000000,0x000000f639100000) (1024K)]
  0x000001f76032ae60 JavaThread "Monitor Deflation Thread"   daemon [_thread_blocked, id=16492, stack(0x000000f639100000,0x000000f639200000) (1024K)]
  0x000001f76032dde0 JavaThread "C2 CompilerThread0"         daemon [_thread_blocked, id=1236, stack(0x000000f639200000,0x000000f639300000) (1024K)]
  0x000001f760343ec0 JavaThread "C1 CompilerThread0"         daemon [_thread_blocked, id=1232, stack(0x000000f639300000,0x000000f639400000) (1024K)]
  0x000001f761e15c30 JavaThread "Common-Cleaner"             daemon [_thread_blocked, id=16732, stack(0x000000f639400000,0x000000f639500000) (1024K)]
  0x000001f761edadc0 JavaThread "Notification Thread"        daemon [_thread_blocked, id=10504, stack(0x000000f639500000,0x000000f639600000) (1024K)]
  0x000001f76679c4b0 JavaThread "Active Thread: Equinox Container: 54089498-6b3b-4323-9d62-99f513100e82"        [_thread_blocked, id=15664, stack(0x000000f639e00000,0x000000f639f00000) (1024K)]
  0x000001f7667f5a70 JavaThread "Refresh Thread: Equinox Container: 54089498-6b3b-4323-9d62-99f513100e82" daemon [_thread_blocked, id=14708, stack(0x000000f639d00000,0x000000f639e00000) (1024K)]
  0x000001f761f33ae0 JavaThread "Framework Event Dispatcher: Equinox Container: 54089498-6b3b-4323-9d62-99f513100e82" daemon [_thread_blocked, id=17464, stack(0x000000f639f00000,0x000000f63a000000) (1024K)]
  0x000001f761ce5970 JavaThread "Start Level: Equinox Container: 54089498-6b3b-4323-9d62-99f513100e82" daemon [_thread_blocked, id=1736, stack(0x000000f63a000000,0x000000f63a100000) (1024K)]
  0x000001f766e4aac0 JavaThread "Bundle File Closer"         daemon [_thread_blocked, id=9944, stack(0x000000f63a200000,0x000000f63a300000) (1024K)]
  0x000001f7663a20a0 JavaThread "SCR Component Actor"        daemon [_thread_blocked, id=4740, stack(0x000000f63a100000,0x000000f63a200000) (1024K)]
  0x000001f7662755b0 JavaThread "Worker-JM"                         [_thread_blocked, id=22032, stack(0x000000f63a400000,0x000000f63a500000) (1024K)]
  0x000001f766ee4630 JavaThread "JNA Cleaner"                daemon [_thread_blocked, id=13064, stack(0x000000f63a500000,0x000000f63a600000) (1024K)]
  0x000001f766ee4cc0 JavaThread "Java indexing"              daemon [_thread_blocked, id=16640, stack(0x000000f63a800000,0x000000f63a900000) (1024K)]
  0x000001f766ee3910 JavaThread "Thread-1"                   daemon [_thread_in_native, id=23800, stack(0x000000f63ae00000,0x000000f63af00000) (1024K)]
  0x000001f76851a8c0 JavaThread "Thread-2"                   daemon [_thread_in_native, id=836, stack(0x000000f63af00000,0x000000f63b000000) (1024K)]
  0x000001f76851af50 JavaThread "Thread-3"                   daemon [_thread_in_native, id=19208, stack(0x000000f63b000000,0x000000f63b100000) (1024K)]
  0x000001f76851b5e0 JavaThread "Thread-4"                   daemon [_thread_in_native, id=11780, stack(0x000000f63b100000,0x000000f63b200000) (1024K)]
  0x000001f76851c300 JavaThread "Thread-5"                   daemon [_thread_in_native, id=2964, stack(0x000000f63b200000,0x000000f63b300000) (1024K)]
  0x000001f76851a230 JavaThread "Thread-6"                   daemon [_thread_in_native, id=9288, stack(0x000000f63b300000,0x000000f63b400000) (1024K)]
  0x000001f768519510 JavaThread "Thread-7"                   daemon [_thread_in_native, id=17940, stack(0x000000f63b400000,0x000000f63b500000) (1024K)]
  0x000001f76851c990 JavaThread "Thread-8"                   daemon [_thread_in_native, id=12240, stack(0x000000f63b500000,0x000000f63b600000) (1024K)]
  0x000001f768519ba0 JavaThread "Thread-9"                   daemon [_thread_in_native, id=3668, stack(0x000000f63b600000,0x000000f63b700000) (1024K)]
  0x000001f76851d020 JavaThread "pool-2-thread-1"                   [_thread_blocked, id=23916, stack(0x000000f63b700000,0x000000f63b800000) (1024K)]
  0x000001f76851d6b0 JavaThread "WorkspaceEventsHandler"            [_thread_blocked, id=13888, stack(0x000000f63b800000,0x000000f63b900000) (1024K)]
  0x000001f76851dd40 JavaThread "pool-1-thread-1"                   [_thread_blocked, id=6368, stack(0x000000f63b900000,0x000000f63ba00000) (1024K)]
  0x000001f767fa1be0 JavaThread "Java Debug Server"          daemon [_thread_in_native, id=1988, stack(0x000000f638700000,0x000000f638800000) (1024K)]
  0x000001f767fa2900 JavaThread "RxSchedulerPurge-1"         daemon [_thread_blocked, id=1568, stack(0x000000f63ad00000,0x000000f63ae00000) (1024K)]
  0x000001f767fa49d0 JavaThread "RxCachedWorkerPoolEvictor-1" daemon [_thread_blocked, id=17716, stack(0x000000f63c100000,0x000000f63c200000) (1024K)]
  0x000001f767fa56f0 JavaThread "Cleaner-0"                  daemon [_thread_blocked, id=21656, stack(0x000000f63c000000,0x000000f63c100000) (1024K)]
  0x000001f767fa1550 JavaThread "pool-4-thread-4"                   [_thread_in_native, id=5592, stack(0x000000f63bd00000,0x000000f63be00000) (1024K)]
  0x000001f7745611a0 JavaThread "ForkJoinPool.commonPool-worker-62" daemon [_thread_blocked, id=19764, stack(0x000000f63a600000,0x000000f63a700000) (1024K)]
  0x000001f774562be0 JavaThread "Worker-54"                         [_thread_blocked, id=4500, stack(0x000000f63a900000,0x000000f63aa00000) (1024K)]
  0x000001f767fa5d80 JavaThread "RxNewThreadScheduler-43"    daemon [_thread_blocked, id=24216, stack(0x000000f63ab00000,0x000000f63ac00000) (1024K)]
  0x000001f767fa6410 JavaThread "Packet Receive Manager"     daemon [_thread_in_native, id=16656, stack(0x000000f63ac00000,0x000000f63ad00000) (1024K)]
  0x000001f767fa2f90 JavaThread "Packet Send Manager"        daemon [_thread_blocked, id=7132, stack(0x000000f63bb00000,0x000000f63bc00000) (1024K)]
  0x000001f767fa3620 JavaThread "Event Hub"                  daemon [_thread_blocked, id=17964, stack(0x000000f63ba00000,0x000000f63bb00000) (1024K)]
  0x000001f77455f0d0 JavaThread "ForkJoinPool.commonPool-worker-66" daemon [_thread_blocked, id=10016, stack(0x000000f63a300000,0x000000f63a400000) (1024K)]
  0x000001f77455d690 JavaThread "ForkJoinPool.commonPool-worker-67" daemon [_thread_blocked, id=10540, stack(0x000000f63bc00000,0x000000f63bd00000) (1024K)]
  0x000001f761caaf70 JavaThread "Worker-57"                         [_thread_blocked, id=9500, stack(0x000000f63a700000,0x000000f63a800000) (1024K)]
  0x000001f761caf7a0 JavaThread "Worker-58"                         [_thread_blocked, id=12944, stack(0x000000f638500000,0x000000f638600000) (1024K)]
Total: 47

Other Threads:
  0x000001f7602ffca0 VMThread "VM Thread"                           [id=2140, stack(0x000000f638b00000,0x000000f638c00000) (1024K)]
  0x000001f76023ba00 WatcherThread "VM Periodic Task Thread"        [id=11516, stack(0x000000f638a00000,0x000000f638b00000) (1024K)]
  0x000001f7498cb6d0 WorkerThread "GC Thread#0"                     [id=1664, stack(0x000000f638900000,0x000000f638a00000) (1024K)]
  0x000001f76602b6f0 WorkerThread "GC Thread#1"                     [id=4176, stack(0x000000f639700000,0x000000f639800000) (1024K)]
  0x000001f7667fe140 WorkerThread "GC Thread#2"                     [id=16796, stack(0x000000f639800000,0x000000f639900000) (1024K)]
  0x000001f7667fe4f0 WorkerThread "GC Thread#3"                     [id=8820, stack(0x000000f639900000,0x000000f639a00000) (1024K)]
  0x000001f7667fe8a0 WorkerThread "GC Thread#4"                     [id=332, stack(0x000000f639a00000,0x000000f639b00000) (1024K)]
  0x000001f761f819b0 WorkerThread "GC Thread#5"                     [id=19196, stack(0x000000f639b00000,0x000000f639c00000) (1024K)]
  0x000001f761f81d60 WorkerThread "GC Thread#6"                     [id=19220, stack(0x000000f639c00000,0x000000f639d00000) (1024K)]
  0x000001f761bd8070 WorkerThread "GC Thread#7"                     [id=13880, stack(0x000000f639600000,0x000000f639700000) (1024K)]
Total: 10

Threads with active compile tasks:
Total: 0

VM state: not at safepoint (normal execution)

VM Mutex/Monitor currently owned by a thread: None

Heap address: 0x0000000080000000, size: 2048 MB, Compressed Oops mode: 32-bit

CDS archive(s) mapped at: [0x000001f700000000-0x000001f700ba0000-0x000001f700ba0000), size 12189696, SharedBaseAddress: 0x000001f700000000, ArchiveRelocationMode: 1.
Compressed class space mapped at: 0x000001f701000000-0x000001f741000000, reserved size: 1073741824
Narrow klass base: 0x000001f700000000, Narrow klass shift: 0, Narrow klass range: 0x100000000

GC Precious Log:
 CardTable entry size: 512
 CPUs: 8 total, 8 available
 Memory: 8029M
 Large Page Support: Disabled
 NUMA Support: Disabled
 Compressed Oops: Enabled (32-bit)
 Alignments: Space 512K, Generation 512K, Heap 2M
 Heap Min Capacity: 100M
 Heap Initial Capacity: 100M
 Heap Max Capacity: 2G
 Pre-touch: Disabled
 Parallel Workers: 8

Heap:
 PSYoungGen      total 4096K, used 1996K [0x00000000d5580000, 0x00000000d5a80000, 0x0000000100000000)
  eden space 3072K, 35% used [0x00000000d5580000,0x00000000d56932a8,0x00000000d5880000)
  from space 1024K, 87% used [0x00000000d5980000,0x00000000d5a60000,0x00000000d5a80000)
  to   space 1024K, 0% used [0x00000000d5880000,0x00000000d5880000,0x00000000d5980000)
 ParOldGen       total 819200K, used 819037K [0x0000000080000000, 0x00000000b2000000, 0x00000000d5580000)
  object space 819200K, 99% used [0x0000000080000000,0x00000000b1fd7798,0x00000000b2000000)
 Metaspace       used 101000K, committed 102912K, reserved 1179648K
  class space    used 10601K, committed 11456K, reserved 1048576K

Card table byte_map: [0x000001f749250000,0x000001f749660000] _byte_map_base: 0x000001f748e50000

Marking Bits: (ParMarkBitMap*) 0x00007fffd7b83450
 Begin Bits: [0x000001f75bd60000, 0x000001f75dd60000)
 End Bits:   [0x000001f75dd60000, 0x000001f75fd60000)

Polling page: 0x000001f747970000

Metaspace:

Usage:
  Non-class:     88.28 MB used.
      Class:     10.35 MB used.
       Both:     98.63 MB used.

Virtual space:
  Non-class space:      128.00 MB reserved,      89.31 MB ( 70%) committed,  2 nodes.
      Class space:        1.00 GB reserved,      11.19 MB (  1%) committed,  1 nodes.
             Both:        1.12 GB reserved,     100.50 MB (  9%) committed. 

Chunk freelists:
   Non-Class:  6.11 MB
       Class:  4.84 MB
        Both:  10.95 MB

MaxMetaspaceSize: unlimited
CompressedClassSpaceSize: 1.00 GB
Initial GC threshold: 21.00 MB
Current GC threshold: 161.88 MB
CDS: on
 - commit_granule_bytes: 65536.
 - commit_granule_words: 8192.
 - virtual_space_node_default_size: 8388608.
 - enlarge_chunks_in_place: 1.
 - use_allocation_guard: 0.


Internal statistics:

num_allocs_failed_limit: 9.
num_arena_births: 1958.
num_arena_deaths: 16.
num_vsnodes_births: 3.
num_vsnodes_deaths: 0.
num_space_committed: 1608.
num_space_uncommitted: 0.
num_chunks_returned_to_freelist: 26.
num_chunks_taken_from_freelist: 6996.
num_chunk_merges: 14.
num_chunk_splits: 4178.
num_chunks_enlarged: 2253.
num_inconsistent_stats: 0.

CodeHeap 'non-profiled nmethods': size=120000Kb used=26500Kb max_used=26500Kb free=93500Kb
 bounds [0x000001f754580000, 0x000001f755f70000, 0x000001f75bab0000]
CodeHeap 'profiled nmethods': size=120000Kb used=54240Kb max_used=54240Kb free=65760Kb
 bounds [0x000001f74cab0000, 0x000001f74ffb0000, 0x000001f753fe0000]
CodeHeap 'non-nmethods': size=5760Kb used=1552Kb max_used=1639Kb free=4207Kb
 bounds [0x000001f753fe0000, 0x000001f754250000, 0x000001f754580000]
CodeCache: size=245760Kb, used=82292Kb, max_used=82379Kb, free=163467Kb
 total_blobs=22846, nmethods=21967, adapters=779, full_count=0
Compilation: enabled, stopped_count=0, restarted_count=0

Compilation events (20 events):
Event: 6594.329 Thread 0x000001f76032dde0 26083       4       java.security.DrbgParameters::nextBytes (11 bytes)
Event: 6594.330 Thread 0x000001f76032dde0 nmethod 26083 0x000001f755f5f090 code [0x000001f755f5f220, 0x000001f755f5f368]
Event: 6594.530 Thread 0x000001f76032dde0 26086   !   4       org.eclipse.jdt.internal.compiler.lookup.LookupEnvironment::getModuleFromAnswer (135 bytes)
Event: 6594.530 Thread 0x000001f76032dde0 nmethod 26086 0x000001f755f5f490 code [0x000001f755f5f620, 0x000001f755f5f6e8]
Event: 6594.531 Thread 0x000001f76032dde0 26087       4       org.eclipse.jdt.internal.compiler.util.HashtableOfType::rehash (92 bytes)
Event: 6594.532 Thread 0x000001f760343ec0 26088       3       org.eclipse.jdt.internal.compiler.codegen.CodeStream::checkcast (8 bytes)
Event: 6594.532 Thread 0x000001f760343ec0 nmethod 26088 0x000001f74ffa5f90 code [0x000001f74ffa6140, 0x000001f74ffa6320]
Event: 6594.537 Thread 0x000001f760343ec0 26089       3       java.lang.invoke.LambdaForm$MH/0x000001f70197cc00::invoke (42 bytes)
Event: 6594.537 Thread 0x000001f760343ec0 nmethod 26089 0x000001f74ffa6410 code [0x000001f74ffa66a0, 0x000001f74ffa7420]
Event: 6594.537 Thread 0x000001f760343ec0 26090       3       java.lang.invoke.LambdaForm$MH/0x000001f70197d000::invoke (42 bytes)
Event: 6594.538 Thread 0x000001f760343ec0 nmethod 26090 0x000001f74ffa7890 code [0x000001f74ffa7b20, 0x000001f74ffa88a0]
Event: 6594.540 Thread 0x000001f76032dde0 nmethod 26087 0x000001f755f5f810 code [0x000001f755f5fa60, 0x000001f755f60730]
Event: 6594.543 Thread 0x000001f760343ec0 26091       3       org.eclipse.jdt.internal.compiler.codegen.OperandStack::peek (23 bytes)
Event: 6594.543 Thread 0x000001f76032dde0 26092       4       org.eclipse.jdt.internal.compiler.codegen.CodeStream::load (13 bytes)
Event: 6594.543 Thread 0x000001f760343ec0 nmethod 26091 0x000001f74ffa8d10 code [0x000001f74ffa8ee0, 0x000001f74ffa9200]
Event: 6594.545 Thread 0x000001f76032dde0 nmethod 26092 0x000001f755f60c90 code [0x000001f755f60e20, 0x000001f755f60ef0]
Event: 6679.632 Thread 0x000001f760343ec0 26093       3       sun.nio.fs.NativeBuffer::free (10 bytes)
Event: 6679.633 Thread 0x000001f760343ec0 nmethod 26093 0x000001f74ffa9310 code [0x000001f74ffa9500, 0x000001f74ffa9900]
Event: 6679.633 Thread 0x000001f760343ec0 26094       3       sun.nio.fs.NativeBuffer$Deallocator::run (11 bytes)
Event: 6679.633 Thread 0x000001f760343ec0 nmethod 26094 0x000001f74ffa9a90 code [0x000001f74ffa9c60, 0x000001f74ffa9f80]

GC Heap History (20 events):
Event: 6593.672 GC heap before
{Heap before GC invocations=1488 (full 5):
 PSYoungGen      total 4096K, used 4068K [0x00000000d5580000, 0x00000000d5d80000, 0x0000000100000000)
  eden space 3584K, 100% used [0x00000000d5580000,0x00000000d5900000,0x00000000d5900000)
  from space 512K, 94% used [0x00000000d5b00000,0x00000000d5b79210,0x00000000d5b80000)
  to   space 2048K, 0% used [0x00000000d5900000,0x00000000d5900000,0x00000000d5b00000)
 ParOldGen       total 815104K, used 814913K [0x0000000080000000, 0x00000000b1c00000, 0x00000000d5580000)
  object space 815104K, 99% used [0x0000000080000000,0x00000000b1bd06e0,0x00000000b1c00000)
 Metaspace       used 100992K, committed 102848K, reserved 1179648K
  class space    used 10601K, committed 11456K, reserved 1048576K
}
Event: 6593.674 GC heap after
{Heap after GC invocations=1488 (full 5):
 PSYoungGen      total 4608K, used 704K [0x00000000d5580000, 0x00000000d5b80000, 0x0000000100000000)
  eden space 3584K, 0% used [0x00000000d5580000,0x00000000d5580000,0x00000000d5900000)
  from space 1024K, 68% used [0x00000000d5900000,0x00000000d59b0000,0x00000000d5a00000)
  to   space 1024K, 0% used [0x00000000d5a80000,0x00000000d5a80000,0x00000000d5b80000)
 ParOldGen       total 815616K, used 815384K [0x0000000080000000, 0x00000000b1c80000, 0x00000000d5580000)
  object space 815616K, 99% used [0x0000000080000000,0x00000000b1c46098,0x00000000b1c80000)
 Metaspace       used 100992K, committed 102848K, reserved 1179648K
  class space    used 10601K, committed 11456K, reserved 1048576K
}
Event: 6594.004 GC heap before
{Heap before GC invocations=1489 (full 5):
 PSYoungGen      total 4608K, used 4288K [0x00000000d5580000, 0x00000000d5b80000, 0x0000000100000000)
  eden space 3584K, 100% used [0x00000000d5580000,0x00000000d5900000,0x00000000d5900000)
  from space 1024K, 68% used [0x00000000d5900000,0x00000000d59b0000,0x00000000d5a00000)
  to   space 1024K, 0% used [0x00000000d5a80000,0x00000000d5a80000,0x00000000d5b80000)
 ParOldGen       total 815616K, used 815384K [0x0000000080000000, 0x00000000b1c80000, 0x00000000d5580000)
  object space 815616K, 99% used [0x0000000080000000,0x00000000b1c46098,0x00000000b1c80000)
 Metaspace       used 100993K, committed 102848K, reserved 1179648K
  class space    used 10601K, committed 11456K, reserved 1048576K
}
Event: 6594.006 GC heap after
{Heap after GC invocations=1489 (full 5):
 PSYoungGen      total 4096K, used 308K [0x00000000d5580000, 0x00000000d5b00000, 0x0000000100000000)
  eden space 3584K, 0% used [0x00000000d5580000,0x00000000d5580000,0x00000000d5900000)
  from space 512K, 60% used [0x00000000d5a80000,0x00000000d5acd200,0x00000000d5b00000)
  to   space 512K, 0% used [0x00000000d5a00000,0x00000000d5a00000,0x00000000d5a80000)
 ParOldGen       total 816128K, used 815986K [0x0000000080000000, 0x00000000b1d00000, 0x00000000d5580000)
  object space 816128K, 99% used [0x0000000080000000,0x00000000b1cdc828,0x00000000b1d00000)
 Metaspace       used 100993K, committed 102848K, reserved 1179648K
  class space    used 10601K, committed 11456K, reserved 1048576K
}
Event: 6594.013 GC heap before
{Heap before GC invocations=1490 (full 5):
 PSYoungGen      total 4096K, used 3892K [0x00000000d5580000, 0x00000000d5b00000, 0x0000000100000000)
  eden space 3584K, 100% used [0x00000000d5580000,0x00000000d5900000,0x00000000d5900000)
  from space 512K, 60% used [0x00000000d5a80000,0x00000000d5acd200,0x00000000d5b00000)
  to   space 512K, 0% used [0x00000000d5a00000,0x00000000d5a00000,0x00000000d5a80000)
 ParOldGen       total 816128K, used 815986K [0x0000000080000000, 0x00000000b1d00000, 0x00000000d5580000)
  object space 816128K, 99% used [0x0000000080000000,0x00000000b1cdc828,0x00000000b1d00000)
 Metaspace       used 100993K, committed 102848K, reserved 1179648K
  class space    used 10601K, committed 11456K, reserved 1048576K
}
Event: 6594.015 GC heap after
{Heap after GC invocations=1490 (full 5):
 PSYoungGen      total 4096K, used 512K [0x00000000d5580000, 0x00000000d5c00000, 0x0000000100000000)
  eden space 3584K, 0% used [0x00000000d5580000,0x00000000d5580000,0x00000000d5900000)
  from space 512K, 100% used [0x00000000d5a00000,0x00000000d5a80000,0x00000000d5a80000)
  to   space 1536K, 0% used [0x00000000d5a80000,0x00000000d5a80000,0x00000000d5c00000)
 ParOldGen       total 816640K, used 816498K [0x0000000080000000, 0x00000000b1d80000, 0x00000000d5580000)
  object space 816640K, 99% used [0x0000000080000000,0x00000000b1d5c988,0x00000000b1d80000)
 Metaspace       used 100993K, committed 102848K, reserved 1179648K
  class space    used 10601K, committed 11456K, reserved 1048576K
}
Event: 6594.023 GC heap before
{Heap before GC invocations=1491 (full 5):
 PSYoungGen      total 4096K, used 4096K [0x00000000d5580000, 0x00000000d5c00000, 0x0000000100000000)
  eden space 3584K, 100% used [0x00000000d5580000,0x00000000d5900000,0x00000000d5900000)
  from space 512K, 100% used [0x00000000d5a00000,0x00000000d5a80000,0x00000000d5a80000)
  to   space 1536K, 0% used [0x00000000d5a80000,0x00000000d5a80000,0x00000000d5c00000)
 ParOldGen       total 816640K, used 816498K [0x0000000080000000, 0x00000000b1d80000, 0x00000000d5580000)
  object space 816640K, 99% used [0x0000000080000000,0x00000000b1d5c988,0x00000000b1d80000)
 Metaspace       used 100997K, committed 102912K, reserved 1179648K
  class space    used 10601K, committed 11456K, reserved 1048576K
}
Event: 6594.024 GC heap after
{Heap after GC invocations=1491 (full 5):
 PSYoungGen      total 4608K, used 986K [0x00000000d5580000, 0x00000000d5b80000, 0x0000000100000000)
  eden space 3584K, 0% used [0x00000000d5580000,0x00000000d5580000,0x00000000d5900000)
  from space 1024K, 96% used [0x00000000d5a80000,0x00000000d5b76900,0x00000000d5b80000)
  to   space 1024K, 0% used [0x00000000d5980000,0x00000000d5980000,0x00000000d5a80000)
 ParOldGen       total 817152K, used 817034K [0x0000000080000000, 0x00000000b1e00000, 0x00000000d5580000)
  object space 817152K, 99% used [0x0000000080000000,0x00000000b1de2988,0x00000000b1e00000)
 Metaspace       used 100997K, committed 102912K, reserved 1179648K
  class space    used 10601K, committed 11456K, reserved 1048576K
}
Event: 6594.122 GC heap before
{Heap before GC invocations=1492 (full 5):
 PSYoungGen      total 4608K, used 4570K [0x00000000d5580000, 0x00000000d5b80000, 0x0000000100000000)
  eden space 3584K, 100% used [0x00000000d5580000,0x00000000d5900000,0x00000000d5900000)
  from space 1024K, 96% used [0x00000000d5a80000,0x00000000d5b76900,0x00000000d5b80000)
  to   space 1024K, 0% used [0x00000000d5980000,0x00000000d5980000,0x00000000d5a80000)
 ParOldGen       total 817152K, used 817034K [0x0000000080000000, 0x00000000b1e00000, 0x00000000d5580000)
  object space 817152K, 99% used [0x0000000080000000,0x00000000b1de2988,0x00000000b1e00000)
 Metaspace       used 100997K, committed 102912K, reserved 1179648K
  class space    used 10601K, committed 11456K, reserved 1048576K
}
Event: 6594.123 GC heap after
{Heap after GC invocations=1492 (full 5):
 PSYoungGen      total 4096K, used 282K [0x00000000d5580000, 0x00000000d5b00000, 0x0000000100000000)
  eden space 3584K, 0% used [0x00000000d5580000,0x00000000d5580000,0x00000000d5900000)
  from space 512K, 55% used [0x00000000d5980000,0x00000000d59c6900,0x00000000d5a00000)
  to   space 1024K, 0% used [0x00000000d5a00000,0x00000000d5a00000,0x00000000d5b00000)
 ParOldGen       total 817664K, used 817232K [0x0000000080000000, 0x00000000b1e80000, 0x00000000d5580000)
  object space 817664K, 99% used [0x0000000080000000,0x00000000b1e14108,0x00000000b1e80000)
 Metaspace       used 100997K, committed 102912K, reserved 1179648K
  class space    used 10601K, committed 11456K, reserved 1048576K
}
Event: 6594.130 GC heap before
{Heap before GC invocations=1493 (full 5):
 PSYoungGen      total 4096K, used 3866K [0x00000000d5580000, 0x00000000d5b00000, 0x0000000100000000)
  eden space 3584K, 100% used [0x00000000d5580000,0x00000000d5900000,0x00000000d5900000)
  from space 512K, 55% used [0x00000000d5980000,0x00000000d59c6900,0x00000000d5a00000)
  to   space 1024K, 0% used [0x00000000d5a00000,0x00000000d5a00000,0x00000000d5b00000)
 ParOldGen       total 817664K, used 817232K [0x0000000080000000, 0x00000000b1e80000, 0x00000000d5580000)
  object space 817664K, 99% used [0x0000000080000000,0x00000000b1e14108,0x00000000b1e80000)
 Metaspace       used 100997K, committed 102912K, reserved 1179648K
  class space    used 10601K, committed 11456K, reserved 1048576K
}
Event: 6594.132 GC heap after
{Heap after GC invocations=1493 (full 5):
 PSYoungGen      total 4096K, used 1024K [0x00000000d5580000, 0x00000000d5c00000, 0x0000000100000000)
  eden space 3072K, 0% used [0x00000000d5580000,0x00000000d5580000,0x00000000d5880000)
  from space 1024K, 100% used [0x00000000d5a00000,0x00000000d5b00000,0x00000000d5b00000)
  to   space 1536K, 0% used [0x00000000d5880000,0x00000000d5880000,0x00000000d5a00000)
 ParOldGen       total 817664K, used 817391K [0x0000000080000000, 0x00000000b1e80000, 0x00000000d5580000)
  object space 817664K, 99% used [0x0000000080000000,0x00000000b1e3bde8,0x00000000b1e80000)
 Metaspace       used 100997K, committed 102912K, reserved 1179648K
  class space    used 10601K, committed 11456K, reserved 1048576K
}
Event: 6594.352 GC heap before
{Heap before GC invocations=1494 (full 5):
 PSYoungGen      total 4096K, used 4095K [0x00000000d5580000, 0x00000000d5c00000, 0x0000000100000000)
  eden space 3072K, 99% used [0x00000000d5580000,0x00000000d587fff8,0x00000000d5880000)
  from space 1024K, 100% used [0x00000000d5a00000,0x00000000d5b00000,0x00000000d5b00000)
  to   space 1536K, 0% used [0x00000000d5880000,0x00000000d5880000,0x00000000d5a00000)
 ParOldGen       total 817664K, used 817391K [0x0000000080000000, 0x00000000b1e80000, 0x00000000d5580000)
  object space 817664K, 99% used [0x0000000080000000,0x00000000b1e3bde8,0x00000000b1e80000)
 Metaspace       used 100997K, committed 102912K, reserved 1179648K
  class space    used 10601K, committed 11456K, reserved 1048576K
}
Event: 6594.353 GC heap after
{Heap after GC invocations=1494 (full 5):
 PSYoungGen      total 3584K, used 448K [0x00000000d5580000, 0x00000000d5a80000, 0x0000000100000000)
  eden space 3072K, 0% used [0x00000000d5580000,0x00000000d5580000,0x00000000d5880000)
  from space 512K, 87% used [0x00000000d5880000,0x00000000d58f0000,0x00000000d5900000)
  to   space 1024K, 0% used [0x00000000d5980000,0x00000000d5980000,0x00000000d5a80000)
 ParOldGen       total 818688K, used 818319K [0x0000000080000000, 0x00000000b1f80000, 0x00000000d5580000)
  object space 818688K, 99% used [0x0000000080000000,0x00000000b1f23e18,0x00000000b1f80000)
 Metaspace       used 100997K, committed 102912K, reserved 1179648K
  class space    used 10601K, committed 11456K, reserved 1048576K
}
Event: 6594.526 GC heap before
{Heap before GC invocations=1495 (full 5):
 PSYoungGen      total 3584K, used 3520K [0x00000000d5580000, 0x00000000d5a80000, 0x0000000100000000)
  eden space 3072K, 100% used [0x00000000d5580000,0x00000000d5880000,0x00000000d5880000)
  from space 512K, 87% used [0x00000000d5880000,0x00000000d58f0000,0x00000000d5900000)
  to   space 1024K, 0% used [0x00000000d5980000,0x00000000d5980000,0x00000000d5a80000)
 ParOldGen       total 818688K, used 818319K [0x0000000080000000, 0x00000000b1f80000, 0x00000000d5580000)
  object space 818688K, 99% used [0x0000000080000000,0x00000000b1f23e18,0x00000000b1f80000)
 Metaspace       used 100997K, committed 102912K, reserved 1179648K
  class space    used 10601K, committed 11456K, reserved 1048576K
}
Event: 6594.528 GC heap after
{Heap after GC invocations=1495 (full 5):
 PSYoungGen      total 4096K, used 644K [0x00000000d5580000, 0x00000000d5a80000, 0x0000000100000000)
  eden space 3072K, 0% used [0x00000000d5580000,0x00000000d5580000,0x00000000d5880000)
  from space 1024K, 62% used [0x00000000d5980000,0x00000000d5a21210,0x00000000d5a80000)
  to   space 1024K, 0% used [0x00000000d5880000,0x00000000d5880000,0x00000000d5980000)
 ParOldGen       total 818688K, used 818624K [0x0000000080000000, 0x00000000b1f80000, 0x00000000d5580000)
  object space 818688K, 99% used [0x0000000080000000,0x00000000b1f70118,0x00000000b1f80000)
 Metaspace       used 100997K, committed 102912K, reserved 1179648K
  class space    used 10601K, committed 11456K, reserved 1048576K
}
Event: 6594.534 GC heap before
{Heap before GC invocations=1496 (full 5):
 PSYoungGen      total 4096K, used 3716K [0x00000000d5580000, 0x00000000d5a80000, 0x0000000100000000)
  eden space 3072K, 100% used [0x00000000d5580000,0x00000000d5880000,0x00000000d5880000)
  from space 1024K, 62% used [0x00000000d5980000,0x00000000d5a21210,0x00000000d5a80000)
  to   space 1024K, 0% used [0x00000000d5880000,0x00000000d5880000,0x00000000d5980000)
 ParOldGen       total 818688K, used 818624K [0x0000000080000000, 0x00000000b1f80000, 0x00000000d5580000)
  object space 818688K, 99% used [0x0000000080000000,0x00000000b1f70118,0x00000000b1f80000)
 Metaspace       used 100997K, committed 102912K, reserved 1179648K
  class space    used 10601K, committed 11456K, reserved 1048576K
}
Event: 6594.535 GC heap after
{Heap after GC invocations=1496 (full 5):
 PSYoungGen      total 4096K, used 506K [0x00000000d5580000, 0x00000000d5a80000, 0x0000000100000000)
  eden space 3072K, 0% used [0x00000000d5580000,0x00000000d5580000,0x00000000d5880000)
  from space 1024K, 49% used [0x00000000d5880000,0x00000000d58fe900,0x00000000d5980000)
  to   space 1024K, 0% used [0x00000000d5980000,0x00000000d5980000,0x00000000d5a80000)
 ParOldGen       total 818688K, used 818672K [0x0000000080000000, 0x00000000b1f80000, 0x00000000d5580000)
  object space 818688K, 99% used [0x0000000080000000,0x00000000b1f7c118,0x00000000b1f80000)
 Metaspace       used 100997K, committed 102912K, reserved 1179648K
  class space    used 10601K, committed 11456K, reserved 1048576K
}
Event: 6594.543 GC heap before
{Heap before GC invocations=1497 (full 5):
 PSYoungGen      total 4096K, used 3578K [0x00000000d5580000, 0x00000000d5a80000, 0x0000000100000000)
  eden space 3072K, 100% used [0x00000000d5580000,0x00000000d5880000,0x00000000d5880000)
  from space 1024K, 49% used [0x00000000d5880000,0x00000000d58fe900,0x00000000d5980000)
  to   space 1024K, 0% used [0x00000000d5980000,0x00000000d5980000,0x00000000d5a80000)
 ParOldGen       total 818688K, used 818672K [0x0000000080000000, 0x00000000b1f80000, 0x00000000d5580000)
  object space 818688K, 99% used [0x0000000080000000,0x00000000b1f7c118,0x00000000b1f80000)
 Metaspace       used 101000K, committed 102912K, reserved 1179648K
  class space    used 10601K, committed 11456K, reserved 1048576K
}
Event: 6594.545 GC heap after
{Heap after GC invocations=1497 (full 5):
 PSYoungGen      total 4096K, used 896K [0x00000000d5580000, 0x00000000d5a80000, 0x0000000100000000)
  eden space 3072K, 0% used [0x00000000d5580000,0x00000000d5580000,0x00000000d5880000)
  from space 1024K, 87% used [0x00000000d5980000,0x00000000d5a60000,0x00000000d5a80000)
  to   space 1024K, 0% used [0x00000000d5880000,0x00000000d5880000,0x00000000d5980000)
 ParOldGen       total 819200K, used 819037K [0x0000000080000000, 0x00000000b2000000, 0x00000000d5580000)
  object space 819200K, 99% used [0x0000000080000000,0x00000000b1fd7798,0x00000000b2000000)
 Metaspace       used 101000K, committed 102912K, reserved 1179648K
  class space    used 10601K, committed 11456K, reserved 1048576K
}

Dll operation events (12 events):
Event: 0.015 Loaded shared library c:\Users\User\.vscode\extensions\redhat.java-1.54.0-win32-x64\jre\21.0.10-win32-x86_64\bin\java.dll
Event: 0.166 Loaded shared library c:\Users\User\.vscode\extensions\redhat.java-1.54.0-win32-x64\jre\21.0.10-win32-x86_64\bin\zip.dll
Event: 0.208 Loaded shared library C:\Users\User\.vscode\extensions\redhat.java-1.54.0-win32-x64\jre\21.0.10-win32-x86_64\bin\instrument.dll
Event: 0.215 Loaded shared library C:\Users\User\.vscode\extensions\redhat.java-1.54.0-win32-x64\jre\21.0.10-win32-x86_64\bin\net.dll
Event: 0.217 Loaded shared library C:\Users\User\.vscode\extensions\redhat.java-1.54.0-win32-x64\jre\21.0.10-win32-x86_64\bin\nio.dll
Event: 0.223 Loaded shared library C:\Users\User\.vscode\extensions\redhat.java-1.54.0-win32-x64\jre\21.0.10-win32-x86_64\bin\zip.dll
Event: 0.252 Loaded shared library C:\Users\User\.vscode\extensions\redhat.java-1.54.0-win32-x64\jre\21.0.10-win32-x86_64\bin\jimage.dll
Event: 0.473 Loaded shared library c:\Users\User\.vscode\extensions\redhat.java-1.54.0-win32-x64\jre\21.0.10-win32-x86_64\bin\verify.dll
Event: 7.748 Loaded shared library C:\Users\User\AppData\Roaming\Code\User\globalStorage\redhat.java\1.54.0\config_win\org.eclipse.equinox.launcher\org.eclipse.equinox.launcher.win32.win32.x86_64_1.3.0.v20260203-2149\eclipse_11919.dll
Event: 19.277 Loaded shared library C:\Users\User\AppData\Local\Temp\jna-2645995\jna14882200958444189394.dll
Event: 99.946 Loaded shared library C:\Users\User\.vscode\extensions\redhat.java-1.54.0-win32-x64\jre\21.0.10-win32-x86_64\bin\extnet.dll
Event: 672.781 Loaded shared library C:\Users\User\.vscode\extensions\redhat.java-1.54.0-win32-x64\jre\21.0.10-win32-x86_64\bin\sunmscapi.dll

Deoptimization events (20 events):
Event: 6528.448 Thread 0x000001f77455ea40 DEOPT PACKING pc=0x000001f755f0356c sp=0x000000f6386fdda0
Event: 6528.448 Thread 0x000001f77455ea40 DEOPT UNPACKING pc=0x000001f754033aa2 sp=0x000000f6386fdd98 mode 2
Event: 6528.449 Thread 0x000001f77455ea40 Uncommon trap: trap_request=0xffffffd6 fr.pc=0x000001f755f0356c relative=0x0000000000001c8c
Event: 6528.449 Thread 0x000001f77455ea40 Uncommon trap: reason=array_check action=maybe_recompile pc=0x000001f755f0356c method=java.util.TimSort.mergeHi(IIII)V @ 419 c2
Event: 6528.449 Thread 0x000001f77455ea40 DEOPT PACKING pc=0x000001f755f0356c sp=0x000000f6386fdc80
Event: 6528.449 Thread 0x000001f77455ea40 DEOPT UNPACKING pc=0x000001f754033aa2 sp=0x000000f6386fdc78 mode 2
Event: 6589.527 Thread 0x000001f77455c970 Uncommon trap: trap_request=0xffffffc6 fr.pc=0x000001f754b1f408 relative=0x0000000000000068
Event: 6589.527 Thread 0x000001f77455c970 Uncommon trap: reason=bimorphic_or_optimized_type_check action=maybe_recompile pc=0x000001f754b1f408 method=org.eclipse.jdt.internal.core.Openable.getBuffer()Lorg/eclipse/jdt/core/IBuffer; @ 1 c2
Event: 6589.527 Thread 0x000001f77455c970 DEOPT PACKING pc=0x000001f754b1f408 sp=0x000000f6385fec10
Event: 6589.527 Thread 0x000001f77455c970 DEOPT UNPACKING pc=0x000001f754033aa2 sp=0x000000f6385fec10 mode 2
Event: 6590.128 Thread 0x000001f77455c970 Uncommon trap: trap_request=0xffffffc6 fr.pc=0x000001f754b1f408 relative=0x0000000000000068
Event: 6590.128 Thread 0x000001f77455c970 Uncommon trap: reason=bimorphic_or_optimized_type_check action=maybe_recompile pc=0x000001f754b1f408 method=org.eclipse.jdt.internal.core.Openable.getBuffer()Lorg/eclipse/jdt/core/IBuffer; @ 1 c2
Event: 6590.128 Thread 0x000001f77455c970 DEOPT PACKING pc=0x000001f754b1f408 sp=0x000000f6385fec10
Event: 6590.128 Thread 0x000001f77455c970 DEOPT UNPACKING pc=0x000001f754033aa2 sp=0x000000f6385fec10 mode 2
Event: 6590.842 Thread 0x000001f77455c970 DEOPT PACKING pc=0x000001f74cd5a0f0 sp=0x000000f6385fd7e0
Event: 6590.842 Thread 0x000001f77455c970 DEOPT UNPACKING pc=0x000001f754034242 sp=0x000000f6385fcc40 mode 0
Event: 6593.630 Thread 0x000001f767fa84e0 Uncommon trap: trap_request=0xffffff6e fr.pc=0x000001f755f4aa4c relative=0x0000000000000a6c
Event: 6593.630 Thread 0x000001f767fa84e0 Uncommon trap: reason=loop_limit_check action=maybe_recompile pc=0x000001f755f4aa4c method=org.eclipse.jdt.internal.compiler.util.HashtableOfType.rehash()V @ 64 c2
Event: 6593.630 Thread 0x000001f767fa84e0 DEOPT PACKING pc=0x000001f755f4aa4c sp=0x000000f63aafda10
Event: 6593.630 Thread 0x000001f767fa84e0 DEOPT UNPACKING pc=0x000001f754033aa2 sp=0x000000f63aafd9c0 mode 2

Classes loaded (20 events):
Event: 1671.179 Loading class sun/security/ssl/Alert$Level
Event: 1671.179 Loading class sun/security/ssl/Alert$Level done
Event: 1712.159 Loading class jdk/internal/module/IllegalAccessLogger
Event: 1712.159 Loading class jdk/internal/module/IllegalAccessLogger done
Event: 2074.483 Loading class jdk/internal/module/IllegalAccessLogger
Event: 2074.483 Loading class jdk/internal/module/IllegalAccessLogger done
Event: 2605.915 Loading class jdk/internal/module/IllegalAccessLogger
Event: 2605.915 Loading class jdk/internal/module/IllegalAccessLogger done
Event: 2929.231 Loading class java/nio/channels/CompletionHandler
Event: 2929.233 Loading class java/nio/channels/CompletionHandler done
Event: 2952.800 Loading class jdk/internal/module/IllegalAccessLogger
Event: 2952.800 Loading class jdk/internal/module/IllegalAccessLogger done
Event: 4606.513 Loading class sun/security/ssl/PreSharedKeyExtension$PskIdentity
Event: 4606.515 Loading class sun/security/ssl/PreSharedKeyExtension$PskIdentity done
Event: 4606.516 Loading class sun/security/ssl/PreSharedKeyExtension$CHPreSharedKeySpec
Event: 4606.519 Loading class sun/security/ssl/PreSharedKeyExtension$CHPreSharedKeySpec done
Event: 4606.519 Loading class sun/security/ssl/PreSharedKeyExtension$PartialClientHelloMessage
Event: 4606.520 Loading class sun/security/ssl/PreSharedKeyExtension$PartialClientHelloMessage done
Event: 4987.256 Loading class jdk/internal/module/IllegalAccessLogger
Event: 4987.257 Loading class jdk/internal/module/IllegalAccessLogger done

Classes unloaded (8 events):
Event: 20.109 Thread 0x000001f7602ffca0 Unloading class 0x000001f7011a3800 'java/lang/invoke/LambdaForm$MH+0x000001f7011a3800'
Event: 20.109 Thread 0x000001f7602ffca0 Unloading class 0x000001f7011a3400 'java/lang/invoke/LambdaForm$MH+0x000001f7011a3400'
Event: 20.109 Thread 0x000001f7602ffca0 Unloading class 0x000001f7011a3000 'java/lang/invoke/LambdaForm$MH+0x000001f7011a3000'
Event: 20.109 Thread 0x000001f7602ffca0 Unloading class 0x000001f7011a2c00 'java/lang/invoke/LambdaForm$MH+0x000001f7011a2c00'
Event: 20.109 Thread 0x000001f7602ffca0 Unloading class 0x000001f7011a2800 'java/lang/invoke/LambdaForm$BMH+0x000001f7011a2800'
Event: 20.109 Thread 0x000001f7602ffca0 Unloading class 0x000001f7011a2400 'java/lang/invoke/LambdaForm$DMH+0x000001f7011a2400'
Event: 20.109 Thread 0x000001f7602ffca0 Unloading class 0x000001f7011a1000 'java/lang/invoke/LambdaForm$DMH+0x000001f7011a1000'
Event: 687.896 Thread 0x000001f7602ffca0 Unloading class 0x000001f701700c00 'java/lang/invoke/LambdaForm$DMH+0x000001f701700c00'

Classes redefined (0 events):
No events

Internal exceptions (20 events):
Event: 6161.994 Thread 0x000001f774562550 Exception <a 'sun/nio/fs/WindowsException'{0x00000000d57e5e20}> (0x00000000d57e5e20) 
thrown [s\src\hotspot\share\prims\jni.cpp, line 520]
Event: 6161.994 Thread 0x000001f774562550 Exception <a 'sun/nio/fs/WindowsException'{0x00000000d57e7830}> (0x00000000d57e7830) 
thrown [s\src\hotspot\share\prims\jni.cpp, line 520]
Event: 6161.994 Thread 0x000001f774562550 Exception <a 'sun/nio/fs/WindowsException'{0x00000000d57e7f40}> (0x00000000d57e7f40) 
thrown [s\src\hotspot\share\prims\jni.cpp, line 520]
Event: 6162.001 Thread 0x000001f774562550 Exception <a 'sun/nio/fs/WindowsException'{0x00000000d55833a8}> (0x00000000d55833a8) 
thrown [s\src\hotspot\share\prims\jni.cpp, line 520]
Event: 6162.001 Thread 0x000001f774562550 Exception <a 'sun/nio/fs/WindowsException'{0x00000000d5583d68}> (0x00000000d5583d68) 
thrown [s\src\hotspot\share\prims\jni.cpp, line 520]
Event: 6162.318 Thread 0x000001f774560480 Exception <a 'sun/nio/fs/WindowsException'{0x00000000d55841b0}> (0x00000000d55841b0) 
thrown [s\src\hotspot\share\prims\jni.cpp, line 520]
Event: 6162.318 Thread 0x000001f774560480 Exception <a 'sun/nio/fs/WindowsException'{0x00000000d5584840}> (0x00000000d5584840) 
thrown [s\src\hotspot\share\prims\jni.cpp, line 520]
Event: 6187.431 Thread 0x000001f77455f0d0 Exception <a 'sun/nio/fs/WindowsException'{0x00000000d5722c18}> (0x00000000d5722c18) 
thrown [s\src\hotspot\share\prims\jni.cpp, line 520]
Event: 6187.431 Thread 0x000001f77455f0d0 Exception <a 'sun/nio/fs/WindowsException'{0x00000000d5723820}> (0x00000000d5723820) 
thrown [s\src\hotspot\share\prims\jni.cpp, line 520]
Event: 6187.431 Thread 0x000001f77455f0d0 Exception <a 'sun/nio/fs/WindowsException'{0x00000000d5724a50}> (0x00000000d5724a50) 
thrown [s\src\hotspot\share\prims\jni.cpp, line 520]
Event: 6187.431 Thread 0x000001f77455f0d0 Exception <a 'sun/nio/fs/WindowsException'{0x00000000d57256c0}> (0x00000000d57256c0) 
thrown [s\src\hotspot\share\prims\jni.cpp, line 520]
Event: 6187.431 Thread 0x000001f77455f0d0 Exception <a 'sun/nio/fs/WindowsException'{0x00000000d5727570}> (0x00000000d5727570) 
thrown [s\src\hotspot\share\prims\jni.cpp, line 520]
Event: 6187.431 Thread 0x000001f77455f0d0 Exception <a 'sun/nio/fs/WindowsException'{0x00000000d5727c80}> (0x00000000d5727c80) 
thrown [s\src\hotspot\share\prims\jni.cpp, line 520]
Event: 6187.435 Thread 0x000001f77455f0d0 Exception <a 'sun/nio/fs/WindowsException'{0x00000000d5746d60}> (0x00000000d5746d60) 
thrown [s\src\hotspot\share\prims\jni.cpp, line 520]
Event: 6187.435 Thread 0x000001f77455f0d0 Exception <a 'sun/nio/fs/WindowsException'{0x00000000d5747970}> (0x00000000d5747970) 
thrown [s\src\hotspot\share\prims\jni.cpp, line 520]
Event: 6187.604 Thread 0x000001f767fa5d80 Exception <a 'sun/nio/fs/WindowsException'{0x00000000d5834978}> (0x00000000d5834978) 
thrown [s\src\hotspot\share\prims\jni.cpp, line 520]
Event: 6187.604 Thread 0x000001f767fa5d80 Exception <a 'sun/nio/fs/WindowsException'{0x00000000d5835008}> (0x00000000d5835008) 
thrown [s\src\hotspot\share\prims\jni.cpp, line 520]
Event: 6462.260 Thread 0x000001f774562be0 Exception <a 'sun/nio/fs/WindowsException'{0x00000000d56def18}> (0x00000000d56def18) 
thrown [s\src\hotspot\share\prims\jni.cpp, line 520]
Event: 6462.260 Thread 0x000001f774562be0 Exception <a 'sun/nio/fs/WindowsException'{0x00000000d56dfd78}> (0x00000000d56dfd78) 
thrown [s\src\hotspot\share\prims\jni.cpp, line 520]
Event: 6590.659 Thread 0x000001f76851dd40 Exception <a 'java/lang/IncompatibleClassChangeError'{0x00000000d5586890}: Found class java.lang.Object, but interface was expected> (0x00000000d5586890) 
thrown [s\src\hotspot\share\interpreter\linkResolver.cpp, line 840]

ZGC Phase Switch (0 events):
No events

VM Operations (20 events):
Event: 6594.526 Executing safepoint VM operation: ParallelGCFailedAllocation (Allocation Failure)
Event: 6594.528 Executing safepoint VM operation: ParallelGCFailedAllocation (Allocation Failure) done
Event: 6594.534 Executing safepoint VM operation: ParallelGCFailedAllocation (Allocation Failure)
Event: 6594.535 Executing safepoint VM operation: ParallelGCFailedAllocation (Allocation Failure) done
Event: 6594.543 Executing safepoint VM operation: ParallelGCFailedAllocation (Allocation Failure)
Event: 6594.545 Executing safepoint VM operation: ParallelGCFailedAllocation (Allocation Failure) done
Event: 6614.811 Executing non-safepoint VM operation: HandshakeAllThreads (HandshakeForDeflation)
Event: 6614.811 Executing non-safepoint VM operation: HandshakeAllThreads (HandshakeForDeflation) done
Event: 6614.811 Executing non-safepoint VM operation: RendezvousGCThreads
Event: 6614.811 Executing non-safepoint VM operation: RendezvousGCThreads done
Event: 6734.865 Executing non-safepoint VM operation: HandshakeAllThreads (HandshakeForDeflation)
Event: 6734.865 Executing non-safepoint VM operation: HandshakeAllThreads (HandshakeForDeflation) done
Event: 6734.865 Executing non-safepoint VM operation: RendezvousGCThreads
Event: 6734.865 Executing non-safepoint VM operation: RendezvousGCThreads done
Event: 6784.191 Executing safepoint VM operation: Cleanup
Event: 6784.191 Executing safepoint VM operation: Cleanup done
Event: 6795.053 Executing non-safepoint VM operation: HandshakeAllThreads (HandshakeForDeflation)
Event: 6795.053 Executing non-safepoint VM operation: HandshakeAllThreads (HandshakeForDeflation) done
Event: 6795.053 Executing non-safepoint VM operation: RendezvousGCThreads
Event: 6795.053 Executing non-safepoint VM operation: RendezvousGCThreads done

Memory protections (0 events):
No events

Nmethod flushes (20 events):
Event: 1671.133 Thread 0x000001f7602ffca0 flushing  nmethod 0x000001f74ef8c090
Event: 1671.133 Thread 0x000001f7602ffca0 flushing  nmethod 0x000001f74ef8cd10
Event: 1671.133 Thread 0x000001f7602ffca0 flushing  nmethod 0x000001f74ef8d490
Event: 1671.133 Thread 0x000001f7602ffca0 flushing  nmethod 0x000001f74ef90810
Event: 1671.133 Thread 0x000001f7602ffca0 flushing  nmethod 0x000001f74ef90c10
Event: 1671.133 Thread 0x000001f7602ffca0 flushing  nmethod 0x000001f74ef91510
Event: 1671.133 Thread 0x000001f7602ffca0 flushing  nmethod 0x000001f74ef91a90
Event: 1671.133 Thread 0x000001f7602ffca0 flushing  nmethod 0x000001f74ef93410
Event: 1671.133 Thread 0x000001f7602ffca0 flushing  nmethod 0x000001f74efa2890
Event: 1671.133 Thread 0x000001f7602ffca0 flushing  nmethod 0x000001f74efa9f90
Event: 1671.133 Thread 0x000001f7602ffca0 flushing  nmethod 0x000001f74efc0990
Event: 1671.133 Thread 0x000001f7602ffca0 flushing osr nmethod 0x000001f74efc2490
Event: 1671.133 Thread 0x000001f7602ffca0 flushing  nmethod 0x000001f74efc5610
Event: 1671.133 Thread 0x000001f7602ffca0 flushing  nmethod 0x000001f74efd4790
Event: 1671.133 Thread 0x000001f7602ffca0 flushing  nmethod 0x000001f74efecf10
Event: 1671.133 Thread 0x000001f7602ffca0 flushing  nmethod 0x000001f74f012c10
Event: 1671.133 Thread 0x000001f7602ffca0 flushing  nmethod 0x000001f74f024a90
Event: 1671.133 Thread 0x000001f7602ffca0 flushing  nmethod 0x000001f74f026890
Event: 1671.133 Thread 0x000001f7602ffca0 flushing  nmethod 0x000001f74f027690
Event: 1671.133 Thread 0x000001f7602ffca0 flushing  nmethod 0x000001f74f052c10

Events (20 events):
Event: 6346.924 Thread 0x000001f77455ea40 Thread added: 0x000001f767fa7130
Event: 6346.925 Thread 0x000001f76851dd40 Thread added: 0x000001f767fa7e50
Event: 6347.011 Thread 0x000001f7745611a0 Thread added: 0x000001f767fa84e0
Event: 6407.499 Thread 0x000001f767fa7130 Thread exited: 0x000001f767fa7130
Event: 6462.261 Thread 0x000001f774562be0 Thread added: 0x000001f77455f0d0
Event: 6462.261 Thread 0x000001f77455f0d0 Thread exited: 0x000001f77455f0d0
Event: 6462.267 Thread 0x000001f774562be0 Thread added: 0x000001f77455f0d0
Event: 6462.267 Thread 0x000001f77455f0d0 Thread exited: 0x000001f77455f0d0
Event: 6484.207 Thread 0x000001f7745611a0 Thread added: 0x000001f77455f0d0
Event: 6484.208 Thread 0x000001f767fa84e0 Thread added: 0x000001f77455d690
Event: 6484.208 Thread 0x000001f77455f0d0 Thread added: 0x000001f774563270
Event: 6513.214 Thread 0x000001f77455ea40 Thread added: 0x000001f774562550
Event: 6588.455 Thread 0x000001f774562550 Thread exited: 0x000001f774562550
Event: 6588.815 Thread 0x000001f767fa7e50 Thread exited: 0x000001f767fa7e50
Event: 6592.245 Thread 0x000001f774562be0 Thread added: 0x000001f761caaf70
Event: 6679.632 Thread 0x000001f77455ea40 Thread exited: 0x000001f77455ea40
Event: 6682.913 Thread 0x000001f767fa84e0 Thread exited: 0x000001f767fa84e0
Event: 6742.914 Thread 0x000001f77455c970 Thread exited: 0x000001f77455c970
Event: 6783.403 Thread 0x000001f761caaf70 Thread added: 0x000001f761caf7a0
Event: 6802.927 Thread 0x000001f774563270 Thread exited: 0x000001f774563270


Dynamic libraries:
0x00007ff7f84d0000 - 0x00007ff7f84de000 	c:\Users\User\.vscode\extensions\redhat.java-1.54.0-win32-x64\jre\21.0.10-win32-x86_64\bin\java.exe
0x00007ff836f20000 - 0x00007ff837187000 	C:\WINDOWS\SYSTEM32\ntdll.dll
0x00007ff835580000 - 0x00007ff835649000 	C:\WINDOWS\System32\KERNEL32.DLL
0x00007ff833aa0000 - 0x00007ff833e97000 	C:\WINDOWS\System32\KERNELBASE.dll
0x00007ff833950000 - 0x00007ff833a9b000 	C:\WINDOWS\System32\ucrtbase.dll
0x00007ff820460000 - 0x00007ff820478000 	c:\Users\User\.vscode\extensions\redhat.java-1.54.0-win32-x64\jre\21.0.10-win32-x86_64\bin\jli.dll
0x00007ff836840000 - 0x00007ff836a06000 	C:\WINDOWS\System32\USER32.dll
0x00007ff820440000 - 0x00007ff82045e000 	c:\Users\User\.vscode\extensions\redhat.java-1.54.0-win32-x64\jre\21.0.10-win32-x86_64\bin\VCRUNTIME140.dll
0x00007ff834180000 - 0x00007ff8341a7000 	C:\WINDOWS\System32\win32u.dll
0x00007ff8359f0000 - 0x00007ff835a1b000 	C:\WINDOWS\System32\GDI32.dll
0x00007ff834a20000 - 0x00007ff834b4c000 	C:\WINDOWS\System32\gdi32full.dll
0x00007ff81a340000 - 0x00007ff81a5d2000 	C:\WINDOWS\WinSxS\amd64_microsoft.windows.common-controls_6595b64144ccf1df_6.0.26100.8457_none_3e0b2faee331e92d\COMCTL32.dll
0x00007ff8340d0000 - 0x00007ff834173000 	C:\WINDOWS\System32\msvcp_win.dll
0x00007ff835b80000 - 0x00007ff835c29000 	C:\WINDOWS\System32\msvcrt.dll
0x00007ff834f00000 - 0x00007ff834f32000 	C:\WINDOWS\System32\IMM32.DLL
0x00007ff8218c0000 - 0x00007ff8218cc000 	c:\Users\User\.vscode\extensions\redhat.java-1.54.0-win32-x64\jre\21.0.10-win32-x86_64\bin\vcruntime140_1.dll
0x00007ffff55c0000 - 0x00007ffff564d000 	c:\Users\User\.vscode\extensions\redhat.java-1.54.0-win32-x64\jre\21.0.10-win32-x86_64\bin\msvcp140.dll
0x00007fffd6ec0000 - 0x00007fffd7c61000 	c:\Users\User\.vscode\extensions\redhat.java-1.54.0-win32-x64\jre\21.0.10-win32-x86_64\bin\server\jvm.dll
0x00007ff836a90000 - 0x00007ff836b46000 	C:\WINDOWS\System32\ADVAPI32.dll
0x00007ff835940000 - 0x00007ff8359e7000 	C:\WINDOWS\System32\sechost.dll
0x00007ff8351c0000 - 0x00007ff8352d8000 	C:\WINDOWS\System32\RPCRT4.dll
0x00007ff834d10000 - 0x00007ff834d90000 	C:\WINDOWS\System32\WS2_32.dll
0x00007ff8337b0000 - 0x00007ff83380e000 	C:\WINDOWS\SYSTEM32\POWRPROF.dll
0x00007ff823440000 - 0x00007ff823476000 	C:\WINDOWS\SYSTEM32\WINMM.dll
0x00007ff82b040000 - 0x00007ff82b04b000 	C:\WINDOWS\SYSTEM32\VERSION.dll
0x00007ff833790000 - 0x00007ff8337a4000 	C:\WINDOWS\SYSTEM32\UMPDC.dll
0x00007ff8326e0000 - 0x00007ff8326fb000 	C:\WINDOWS\SYSTEM32\kernel.appcore.dll
0x00007ff820430000 - 0x00007ff82043a000 	c:\Users\User\.vscode\extensions\redhat.java-1.54.0-win32-x64\jre\21.0.10-win32-x86_64\bin\jimage.dll
0x00007ff8318e0000 - 0x00007ff831b22000 	C:\WINDOWS\SYSTEM32\DBGHELP.DLL
0x00007ff836b50000 - 0x00007ff836ed3000 	C:\WINDOWS\System32\combase.dll
0x00007ff835650000 - 0x00007ff835729000 	C:\WINDOWS\System32\OLEAUT32.dll
0x00007ff8182b0000 - 0x00007ff8182eb000 	C:\WINDOWS\SYSTEM32\dbgcore.DLL
0x00007ff834020000 - 0x00007ff8340c8000 	C:\WINDOWS\System32\bcryptPrimitives.dll
0x00007ff820420000 - 0x00007ff82042f000 	c:\Users\User\.vscode\extensions\redhat.java-1.54.0-win32-x64\jre\21.0.10-win32-x86_64\bin\instrument.dll
0x00007ff817dc0000 - 0x00007ff817de0000 	c:\Users\User\.vscode\extensions\redhat.java-1.54.0-win32-x64\jre\21.0.10-win32-x86_64\bin\java.dll
0x00007ff8360c0000 - 0x00007ff83682e000 	C:\WINDOWS\System32\SHELL32.dll
0x00007ff8341b0000 - 0x00007ff834a1c000 	C:\WINDOWS\System32\windows.storage.dll
0x00007ff8352e0000 - 0x00007ff8353d6000 	C:\WINDOWS\System32\SHCORE.dll
0x00007ff834ca0000 - 0x00007ff834d06000 	C:\WINDOWS\System32\shlwapi.dll
0x00007ff833870000 - 0x00007ff833899000 	C:\WINDOWS\SYSTEM32\profapi.dll
0x00007ff817da0000 - 0x00007ff817db8000 	c:\Users\User\.vscode\extensions\redhat.java-1.54.0-win32-x64\jre\21.0.10-win32-x86_64\bin\zip.dll
0x00007ff817d90000 - 0x00007ff817da0000 	C:\Users\User\.vscode\extensions\redhat.java-1.54.0-win32-x64\jre\21.0.10-win32-x86_64\bin\net.dll
0x00007ff82ba80000 - 0x00007ff82bba9000 	C:\WINDOWS\SYSTEM32\WINHTTP.dll
0x00007ff832c50000 - 0x00007ff832cbc000 	C:\WINDOWS\system32\mswsock.dll
0x00007ff807fb0000 - 0x00007ff807fc6000 	C:\Users\User\.vscode\extensions\redhat.java-1.54.0-win32-x64\jre\21.0.10-win32-x86_64\bin\nio.dll
0x00007ff817d80000 - 0x00007ff817d90000 	c:\Users\User\.vscode\extensions\redhat.java-1.54.0-win32-x64\jre\21.0.10-win32-x86_64\bin\verify.dll
0x00007ffffc210000 - 0x00007ffffc255000 	C:\Users\User\AppData\Roaming\Code\User\globalStorage\redhat.java\1.54.0\config_win\org.eclipse.equinox.launcher\org.eclipse.equinox.launcher.win32.win32.x86_64_1.3.0.v20260203-2149\eclipse_11919.dll
0x00007ff8353e0000 - 0x00007ff835577000 	C:\WINDOWS\System32\ole32.dll
0x00007ff832f30000 - 0x00007ff832f4b000 	C:\WINDOWS\SYSTEM32\CRYPTSP.dll
0x00007ff832640000 - 0x00007ff832679000 	C:\WINDOWS\system32\rsaenh.dll
0x00007ff832d00000 - 0x00007ff832d33000 	C:\WINDOWS\SYSTEM32\USERENV.dll
0x00007ff833840000 - 0x00007ff83386a000 	C:\WINDOWS\SYSTEM32\bcrypt.dll
0x00007ff832f50000 - 0x00007ff832f5c000 	C:\WINDOWS\SYSTEM32\CRYPTBASE.dll
0x00007ff8320f0000 - 0x00007ff832122000 	C:\WINDOWS\SYSTEM32\IPHLPAPI.DLL
0x00007ff8351b0000 - 0x00007ff8351ba000 	C:\WINDOWS\System32\NSI.dll
0x00007ff8121b0000 - 0x00007ff8121f9000 	C:\Users\User\AppData\Local\Temp\jna-2645995\jna14882200958444189394.dll
0x00007ff835140000 - 0x00007ff835148000 	C:\WINDOWS\System32\PSAPI.DLL
0x00007ff82c4b0000 - 0x00007ff82c4cd000 	C:\WINDOWS\SYSTEM32\dhcpcsvc6.DLL
0x00007ff82c480000 - 0x00007ff82c4a5000 	C:\WINDOWS\SYSTEM32\dhcpcsvc.DLL
0x00007ff812190000 - 0x00007ff812199000 	C:\Users\User\.vscode\extensions\redhat.java-1.54.0-win32-x64\jre\21.0.10-win32-x86_64\bin\extnet.dll
0x00007ff81c190000 - 0x00007ff81c19e000 	C:\Users\User\.vscode\extensions\redhat.java-1.54.0-win32-x64\jre\21.0.10-win32-x86_64\bin\sunmscapi.dll
0x00007ff833ea0000 - 0x00007ff834018000 	C:\WINDOWS\System32\CRYPT32.dll
0x00007ff833150000 - 0x00007ff833180000 	C:\WINDOWS\SYSTEM32\ncrypt.dll
0x00007ff833100000 - 0x00007ff83313f000 	C:\WINDOWS\SYSTEM32\NTASN1.dll
0x00007ff8218a0000 - 0x00007ff8218a8000 	C:\WINDOWS\system32\wshunix.dll
0x00007ff832800000 - 0x00007ff832836000 	C:\WINDOWS\SYSTEM32\ntmarta.dll
0x00007ff8321e0000 - 0x00007ff832312000 	C:\WINDOWS\SYSTEM32\DNSAPI.dll
0x00007ff821b00000 - 0x00007ff821b0b000 	C:\Windows\System32\rasadhlp.dll
0x00007ff826740000 - 0x00007ff8267c6000 	C:\WINDOWS\System32\fwpuclnt.dll

JVMTI agents:
c:\Users\User\.vscode\extensions\redhat.java-1.54.0-win32-x64\lombok\lombok-1.18.39-4050.jar path:c:\Users\User\.vscode\extensions\redhat.java-1.54.0-win32-x64\jre\21.0.10-win32-x86_64\bin\instrument.dll, loaded, initialized, instrumentlib options:none

dbghelp: loaded successfully - version: 4.0.5 - missing functions: none
symbol engine: initialized successfully - sym options: 0x614 - pdb path: .;c:\Users\User\.vscode\extensions\redhat.java-1.54.0-win32-x64\jre\21.0.10-win32-x86_64\bin;C:\WINDOWS\SYSTEM32;C:\WINDOWS\WinSxS\amd64_microsoft.windows.common-controls_6595b64144ccf1df_6.0.26100.8457_none_3e0b2faee331e92d;c:\Users\User\.vscode\extensions\redhat.java-1.54.0-win32-x64\jre\21.0.10-win32-x86_64\bin\server;C:\Users\User\AppData\Roaming\Code\User\globalStorage\redhat.java\1.54.0\config_win\org.eclipse.equinox.launcher\org.eclipse.equinox.launcher.win32.win32.x86_64_1.3.0.v20260203-2149;C:\Users\User\AppData\Local\Temp\jna-2645995

VM Arguments:
jvm_args: --add-modules=ALL-SYSTEM --add-opens=java.base/java.util=ALL-UNNAMED --add-opens=java.base/java.lang=ALL-UNNAMED --add-opens=java.base/sun.nio.fs=ALL-UNNAMED -Declipse.application=org.eclipse.jdt.ls.core.id1 -Dosgi.bundles.defaultStartLevel=4 -Declipse.product=org.eclipse.jdt.ls.core.product -Djava.import.generatesMetadataFilesAtProjectRoot=false -DDetectVMInstallationsJob.disabled=true -Dfile.encoding=utf8 -XX:+UseParallelGC -XX:GCTimeRatio=4 -XX:AdaptiveSizePolicyWeight=90 -Dsun.zip.disableMemoryMapping=true -Xmx2G -Xms100m -Xlog:disable -javaagent:c:\Users\User\.vscode\extensions\redhat.java-1.54.0-win32-x64\lombok\lombok-1.18.39-4050.jar -XX:+HeapDumpOnOutOfMemoryError -XX:HeapDumpPath=c:\Users\User\AppData\Roaming\Code\User\workspaceStorage\ffaa4678b23854e8b339fc0252ef1253\redhat.java -Daether.dependencyCollector.impl=bf 
java_command: c:\Users\User\.vscode\extensions\redhat.java-1.54.0-win32-x64\server\plugins\org.eclipse.equinox.launcher_1.7.100.v20251111-0406.jar -configuration c:\Users\User\AppData\Roaming\Code\User\globalStorage\redhat.java\1.54.0\config_win -data c:\Users\User\AppData\Roaming\Code\User\workspaceStorage\ffaa4678b23854e8b339fc0252ef1253\redhat.java\jdt_ws --pipe=\\.\pipe\lsp-444d9cd99bc24013435abd7108ad1c9b-sock
java_class_path (initial): c:\Users\User\.vscode\extensions\redhat.java-1.54.0-win32-x64\server\plugins\org.eclipse.equinox.launcher_1.7.100.v20251111-0406.jar
Launcher Type: SUN_STANDARD

[Global flags]
    uintx AdaptiveSizePolicyWeight                 = 90                                        {product} {command line}
     intx CICompilerCount                          = 4                                         {product} {ergonomic}
    uintx GCTimeRatio                              = 4                                         {product} {command line}
     bool HeapDumpOnOutOfMemoryError               = true                                   {manageable} {command line}
    ccstr HeapDumpPath                             = c:\Users\User\AppData\Roaming\Code\User\workspaceStorage\ffaa4678b23854e8b339fc0252ef1253\redhat.java         {manageable} {command line}
   size_t InitialHeapSize                          = 104857600                                 {product} {command line}
   size_t MaxHeapSize                              = 2147483648                                {product} {command line}
   size_t MaxNewSize                               = 715653120                                 {product} {ergonomic}
   size_t MinHeapDeltaBytes                        = 524288                                    {product} {ergonomic}
   size_t MinHeapSize                              = 104857600                                 {product} {command line}
   size_t NewSize                                  = 34603008                                  {product} {ergonomic}
    uintx NonNMethodCodeHeapSize                   = 5839372                                {pd product} {ergonomic}
    uintx NonProfiledCodeHeapSize                  = 122909434                              {pd product} {ergonomic}
   size_t OldSize                                  = 70254592                                  {product} {ergonomic}
    uintx ProfiledCodeHeapSize                     = 122909434                              {pd product} {ergonomic}
    uintx ReservedCodeCacheSize                    = 251658240                              {pd product} {ergonomic}
     bool SegmentedCodeCache                       = true                                      {product} {ergonomic}
   size_t SoftMaxHeapSize                          = 2147483648                             {manageable} {ergonomic}
     bool UseCompressedOops                        = true                           {product lp64_product} {ergonomic}
     bool UseLargePagesIndividualAllocation        = false                                  {pd product} {ergonomic}
     bool UseParallelGC                            = true                                      {product} {command line}

Logging:
Log output configuration:
 #0: stdout all=off uptime,level,tags foldmultilines=false
 #1: stderr all=off uptime,level,tags foldmultilines=false

Release file:
JAVA_VERSION="21.0.10" 
MODULES="java.base java.compiler java.datatransfer java.xml java.prefs java.desktop java.instrument java.logging java.management java.security.sasl java.naming java.rmi java.management.rmi java.net.http java.scripting java.security.jgss java.transaction.xa java.sql java.sql.rowset java.xml.crypto java.se java.smartcardio jdk.accessibility jdk.internal.jvmstat jdk.attach jdk.charsets jdk.internal.opt jdk.zipfs jdk.compiler jdk.crypto.ec jdk.crypto.cryptoki jdk.crypto.mscapi jdk.dynalink jdk.internal.ed jdk.editpad jdk.hotspot.agent jdk.httpserver jdk.internal.le jdk.internal.vm.ci jdk.internal.vm.compiler jdk.internal.vm.compiler.management jdk.jartool jdk.javadoc jdk.jcmd jdk.management jdk.management.agent jdk.jconsole jdk.jdeps jdk.jdwp.agent jdk.jdi jdk.jfr jdk.jshell jdk.jsobject jdk.jstatd jdk.localedata jdk.management.jfr jdk.naming.dns jdk.naming.rmi jdk.net jdk.nio.mapmode jdk.random jdk.sctp jdk.security.auth jdk.security.jgss jdk.unsupported jdk.unsupported.desktop jdk.xml.dom" 

Environment Variables:
PATH=C:\Program Files\Eclipse Adoptium\jdk-17.0.19.10-hotspot\bin;C:\Program Files\Common Files\Oracle\Java\javapath;C:\Windows\system32;C:\Windows;C:\Windows\System32\Wbem;C:\Windows\System32\WindowsPowerShell\v1.0\;C:\Windows\System32\OpenSSH\;C:\Program Files (x86)\NVIDIA Corporation\PhysX\Common;C:\Program Files\NVIDIA Corporation\NVIDIA NvDLISR;C:\WINDOWS\system32;C:\WINDOWS;C:\WINDOWS\System32\Wbem;C:\WINDOWS\System32\WindowsPowerShell\v1.0\;C:\WINDOWS\System32\OpenSSH\;C:\Program Files\Git\cmd;C:\Users\User\AppData\Local\Microsoft\WindowsApps;C:\Program Files (x86)\Cracklock\Bin;C:\Users\User\AppData\Local\Programs\Microsoft VS Code\bin
USERNAME=User
OS=Windows_NT
PROCESSOR_IDENTIFIER=Intel64 Family 6 Model 165 Stepping 2, GenuineIntel
TMP=C:\Users\User\AppData\Local\Temp
TEMP=C:\Users\User\AppData\Local\Temp




Periodic native trim disabled

---------------  S Y S T E M  ---------------

OS:
 Windows 11 , 64 bit Build 26100 (10.0.26100.8328)
OS uptime: 1 days 1:52 hours

CPU: total 8 (initial active 8) (4 cores per cpu, 2 threads per core) family 6 model 165 stepping 2 microcode 0xe0, cx8, cmov, fxsr, ht, mmx, 3dnowpref, sse, sse2, sse3, ssse3, sse4.1, sse4.2, popcnt, lzcnt, tsc, tscinvbit, avx, avx2, aes, erms, clmul, bmi1, bmi2, adx, fma, vzeroupper, clflush, clflushopt, rdtscp, f16c, pku
Processor Information for the first 8 processors :
  Max Mhz: 2496, Current Mhz: 2496, Mhz Limit: 2496

Memory: 4k page, system-wide physical 8029M (910M free)
TotalPageFile size 16456M (AvailPageFile size 2M)
current process WorkingSet (physical memory assigned to process): 345M, peak: 643M
current process commit charge ("private bytes"): 1210M, peak: 1212M

vm_info: OpenJDK 64-Bit Server VM (21.0.10+7-LTS) for windows-amd64 JRE (21.0.10+7-LTS), built on 2026-01-20T00:00:00Z by "admin" with MS VC++ 17.12 (VS2022)

END.
